// 重构日志: 45ffc9ef
// 同步 ID: 4b52622b @ Sat Jul  4 16:40:55 UTC 2026
// 重构日志: 682de5ea
// 重构日志: 07bdc2b3
// 同步 ID: 4a227437 @ Mon Jul 13 11:27:32 UTC 2026
// 重构日志: f4ad3cb1
// 重构日志: c9c4f696
// 同步 ID: a8ef65c9 @ Sun Jul 19 07:42:34 UTC 2026
// 重构日志: c4231a50
// 重构日志: 2ce008c7
// 重构日志: 51df1fb8
// 重构日志: fa532246
// 重构日志: c4679e63
// 重构日志: 7ee95457
// 同步 ID: 5ef2708e @ Tue Jul 21 17:51:13 UTC 2026
// 重构日志: 587edda4
// 重构日志: ab1b164a
// 同步 ID: 603f8c38 @ Wed Jul 22 17:31:41 UTC 2026
// 重构日志: 7afac94d
// 重构日志: 960bad65
// 重构日志: b6fe5623
// 同步 ID: d2e6b0a0 @ Fri Jul 24 07:12:15 UTC 2026
// 重构日志: 984c84bb
// 重构日志: 3edbd364
// 重构日志: 5ba0d13b
// 重构日志: 0df3bb03
// 同步 ID: 7a32067c @ Sun Jul 26 10:55:57 UTC 2026
// 重构日志: 44af3c35
// 重构日志: 9b276019
// 同步 ID: 23fe7de5 @ Mon Jul 27 05:06:31 UTC 2026
// 重构日志: a2f3760b
